2026-08-29 22:31:00 - INFO - [MainThread] - ================================================================================
2026-08-29 22:31:00 - INFO - [MainThread] - AMAZON SCRAPER - MULTI-THREADED
2026-08-29 22:31:00 - INFO - [MainThread] - ================================================================================
2026-08-29 22:31:00 - INFO - [MainThread] - Start Time: 2026-08-29 22:31:00.073141
2026-08-29 22:31:00 - INFO - [MainThread] - Max Threads: 3
2026-08-29 22:31:00 - INFO - [MainThread] - Log File: logs/scraper_20260829_223100.log
2026-08-29 22:31:00 - INFO - [MainThread] - Loaded 1 keywords
2026-08-29 22:31:00 - INFO - [MainThread] - Processing 1 keywords with 3 threads
2026-08-29 22:31:00 - INFO - [MainThread] - AmazonScraper initialized with multi-threading support
2026-08-29 22:31:00 - INFO - [ThreadPoolExecutor-0_0] - [ThreadPoolExecutor-0_0] [1/1] Processing: yamaha accoustic guitar
2026-08-29 22:31:00 - INFO - [ThreadPoolExecutor-0_0] - [ThreadPoolExecutor-0_0] Creating Chrome driver...
2026-08-29 22:31:04 - INFO - [ThreadPoolExecutor-0_0] - [ThreadPoolExecutor-0_0] Chrome driver created successfully
2026-08-29 22:31:04 - INFO - [ThreadPoolExecutor-0_0] - Created new driver for thread: ThreadPoolExecutor-0_0
2026-08-29 22:31:04 - INFO - [ThreadPoolExecutor-0_0] - [ThreadPoolExecutor-0_0] Searching: https://www.amazon.com/s?k=yamaha+accoustic+guitar
2026-08-29 22:31:14 - INFO - [ThreadPoolExecutor-0_0] - Found 48 products in search results
2026-08-29 22:31:14 - INFO - [ThreadPoolExecutor-0_0] - [ThreadPoolExecutor-0_0] Found 30 products for: yamaha accoustic guitar
2026-08-29 22:31:14 - INFO - [ThreadPoolExecutor-0_0] - [ThreadPoolExecutor-0_0] [1/30] Yamaha...
2026-08-29 22:31:14 - INFO - [ThreadPoolExecutor-0_0] - [ThreadPoolExecutor-0_0] Scraping product details: https://www.amazon.com/Yamaha-JR1-Junior-Acoustic-Guitar/dp/B00009J580/ref=sr_1_1?dib=eyJ2IjoiMSJ9.p...
2026-08-29 22:31:23 - INFO - [ThreadPoolExecutor-0_0] - [ThreadPoolExecutor-0_0] Scraping reviews...
2026-08-29 22:31:31 - INFO - [ThreadPoolExecutor-0_0] - [ThreadPoolExecutor-0_0] Found 13 reviews
2026-08-29 22:31:31 - INFO - [ThreadPoolExecutor-0_0] - [ThreadPoolExecutor-0_0] Scraped 13 reviews
2026-08-29 22:31:34 - INFO - [ThreadPoolExecutor-0_0] - [ThreadPoolExecutor-0_0] [2/30] Yamaha...
2026-08-29 22:31:34 - INFO - [ThreadPoolExecutor-0_0] - [ThreadPoolExecutor-0_0] Scraping product details: https://www.amazon.com/Yamaha-FSX830C-Cutaway-Acoustic-Electric-Natural/dp/B01DW6ACPG/ref=sr_1_2?dib...
2026-08-29 22:31:41 - INFO - [ThreadPoolExecutor-0_0] - [ThreadPoolExecutor-0_0] Scraping reviews...
2026-08-29 22:31:53 - INFO - [ThreadPoolExecutor-0_0] - [ThreadPoolExecutor-0_0] Found 7 reviews
2026-08-29 22:31:53 - INFO - [ThreadPoolExecutor-0_0] - [ThreadPoolExecutor-0_0] Scraped 7 reviews
2026-08-29 22:31:55 - INFO - [ThreadPoolExecutor-0_0] - [ThreadPoolExecutor-0_0] [3/30] Yamaha...
2026-08-29 22:31:55 - INFO - [ThreadPoolExecutor-0_0] - [ThreadPoolExecutor-0_0] Scraping product details: https://www.amazon.com/Yamaha-GL1-Guitalele-Natural/dp/B000RVYMWE/ref=sr_1_3?dib=eyJ2IjoiMSJ9.pZ-Iea...
2026-08-29 22:32:01 - INFO - [ThreadPoolExecutor-0_0] - [ThreadPoolExecutor-0_0] Scraping reviews...
2026-08-29 22:32:13 - INFO - [ThreadPoolExecutor-0_0] - [ThreadPoolExecutor-0_0] Found 13 reviews
2026-08-29 22:32:13 - INFO - [ThreadPoolExecutor-0_0] - [ThreadPoolExecutor-0_0] Scraped 13 reviews
2026-08-29 22:32:16 - INFO - [ThreadPoolExecutor-0_0] - [ThreadPoolExecutor-0_0] [4/30] Fender...
2026-08-29 22:32:16 - INFO - [ThreadPoolExecutor-0_0] - [ThreadPoolExecutor-0_0] Scraping product details: https://www.amazon.com/Fender-String-Acoustic-Guitar-Natural/dp/B0GFFTFYDB/ref=sr_1_4?dib=eyJ2IjoiMS...
2026-08-29 22:32:25 - INFO - [ThreadPoolExecutor-0_0] - [ThreadPoolExecutor-0_0] Scraping reviews...
2026-08-29 22:32:36 - INFO - [ThreadPoolExecutor-0_0] - [ThreadPoolExecutor-0_0] Found 8 reviews
2026-08-29 22:32:36 - INFO - [ThreadPoolExecutor-0_0] - [ThreadPoolExecutor-0_0] Scraped 8 reviews
2026-08-29 22:32:39 - INFO - [ThreadPoolExecutor-0_0] - [ThreadPoolExecutor-0_0] [5/30] Fender...
2026-08-29 22:32:39 - INFO - [ThreadPoolExecutor-0_0] - [ThreadPoolExecutor-0_0] Scraping product details: https://www.amazon.com/Fender-Acoustic-Beginner-Warranty-Perfect/dp/B0CSM2MJ55/ref=sr_1_5?dib=eyJ2Ij...
2026-08-29 22:32:49 - INFO - [ThreadPoolExecutor-0_0] - [ThreadPoolExecutor-0_0] Scraping reviews...
2026-08-29 22:33:01 - INFO - [ThreadPoolExecutor-0_0] - [ThreadPoolExecutor-0_0] Found 13 reviews
2026-08-29 22:33:01 - INFO - [ThreadPoolExecutor-0_0] - [ThreadPoolExecutor-0_0] Scraped 13 reviews
2026-08-29 22:33:04 - INFO - [ThreadPoolExecutor-0_0] - [ThreadPoolExecutor-0_0] [6/30] 38 in Guitar Acoustic Guitar Beginner ki...
2026-08-29 22:33:04 - INFO - [ThreadPoolExecutor-0_0] - [ThreadPoolExecutor-0_0] Scraping product details: https://www.amazon.com/Lankro-Beginner-Acoustic-Basswood-Guitarra/dp/B09J4V4XFM/ref=sr_1_6?dib=eyJ2I...
2026-08-29 22:33:13 - INFO - [ThreadPoolExecutor-0_0] - [ThreadPoolExecutor-0_0] Scraping reviews...
2026-08-29 22:33:25 - INFO - [ThreadPoolExecutor-0_0] - [ThreadPoolExecutor-0_0] Found 13 reviews
2026-08-29 22:33:25 - INFO - [ThreadPoolExecutor-0_0] - [ThreadPoolExecutor-0_0] Scraped 13 reviews
2026-08-29 22:33:29 - INFO - [ThreadPoolExecutor-0_0] - [ThreadPoolExecutor-0_0] [7/30] Ashthorpe...
2026-08-29 22:33:29 - INFO - [ThreadPoolExecutor-0_0] - [ThreadPoolExecutor-0_0] Scraping product details: https://www.amazon.com/Ashthorpe-38-inch-Beginner-Acoustic-Package/dp/B089P25CQ1/ref=sr_1_7?dib=eyJ2...
2026-08-29 22:33:36 - INFO - [ThreadPoolExecutor-0_0] - [ThreadPoolExecutor-0_0] Scraping reviews...
2026-08-29 22:33:47 - INFO - [ThreadPoolExecutor-0_0] - [ThreadPoolExecutor-0_0] Found 9 reviews
2026-08-29 22:33:47 - INFO - [ThreadPoolExecutor-0_0] - [ThreadPoolExecutor-0_0] Scraped 9 reviews
2026-08-29 22:33:51 - INFO - [ThreadPoolExecutor-0_0] - [ThreadPoolExecutor-0_0] [8/30] Pyle...
2026-08-29 22:33:51 - INFO - [ThreadPoolExecutor-0_0] - [ThreadPoolExecutor-0_0] Scraping product details: https://www.amazon.com/Pyle-Beginner-Classical-Acoustic-Cleaning/dp/B0H12BW67D/ref=sr_1_8?dib=eyJ2Ij...
2026-08-29 22:34:01 - INFO - [ThreadPoolExecutor-0_0] - [ThreadPoolExecutor-0_0] Scraping reviews...
2026-08-29 22:34:13 - INFO - [ThreadPoolExecutor-0_0] - [ThreadPoolExecutor-0_0] Found 13 reviews
2026-08-29 22:34:13 - INFO - [ThreadPoolExecutor-0_0] - [ThreadPoolExecutor-0_0] Scraped 13 reviews
2026-08-29 22:34:17 - INFO - [ThreadPoolExecutor-0_0] - [ThreadPoolExecutor-0_0] [9/30] Fender...
2026-08-29 22:34:17 - INFO - [ThreadPoolExecutor-0_0] - [ThreadPoolExecutor-0_0] Scraping product details: https://www.amazon.com/Fender-Acoustic-Warranty-Fingerboard-Natural/dp/B0GJFXF52B/ref=sr_1_9?dib=eyJ...
2026-08-29 22:34:25 - INFO - [ThreadPoolExecutor-0_0] - [ThreadPoolExecutor-0_0] Scraping reviews...
2026-08-29 22:34:34 - INFO - [ThreadPoolExecutor-0_0] - [ThreadPoolExecutor-0_0] Found 1 reviews
2026-08-29 22:34:34 - INFO - [ThreadPoolExecutor-0_0] - [ThreadPoolExecutor-0_0] Scraped 1 reviews
2026-08-29 22:34:36 - INFO - [ThreadPoolExecutor-0_0] - [ThreadPoolExecutor-0_0] [10/30] Gretsch...
2026-08-29 22:34:36 - INFO - [ThreadPoolExecutor-0_0] - [ThreadPoolExecutor-0_0] Scraping product details: https://www.amazon.com/Gretsch-6-String-Right-Handed-Acoustic-Fingerboard/dp/B0CN1JGYKQ/ref=sr_1_10?...
2026-08-29 22:34:46 - INFO - [ThreadPoolExecutor-0_0] - [ThreadPoolExecutor-0_0] Scraping reviews...
2026-08-29 22:34:57 - INFO - [ThreadPoolExecutor-0_0] - [ThreadPoolExecutor-0_0] Found 10 reviews
2026-08-29 22:34:57 - INFO - [ThreadPoolExecutor-0_0] - [ThreadPoolExecutor-0_0] Scraped 10 reviews
2026-08-29 22:35:01 - INFO - [ThreadPoolExecutor-0_0] - [ThreadPoolExecutor-0_0] [11/30] Washburn...
2026-08-29 22:35:01 - INFO - [ThreadPoolExecutor-0_0] - [ThreadPoolExecutor-0_0] Scraping product details: https://www.amazon.com/Washburn-String-Acoustic-Electric-Guitar-BTS9VCECH-D/dp/B07TJXQ1TL/ref=sr_1_1...
2026-08-29 22:35:08 - INFO - [ThreadPoolExecutor-0_0] - [ThreadPoolExecutor-0_0] Scraping reviews...
2026-08-29 22:35:21 - INFO - [ThreadPoolExecutor-0_0] - [ThreadPoolExecutor-0_0] Found 13 reviews
2026-08-29 22:35:21 - INFO - [ThreadPoolExecutor-0_0] - [ThreadPoolExecutor-0_0] Scraped 13 reviews
2026-08-29 22:35:24 - INFO - [ThreadPoolExecutor-0_0] - [ThreadPoolExecutor-0_0] [12/30] Ibanez...
2026-08-29 22:35:24 - INFO - [ThreadPoolExecutor-0_0] - [ThreadPoolExecutor-0_0] Scraping product details: https://www.amazon.com/Ibanez-AEG5012-Single-Cutaway-12-String-Acoustic-Electric/dp/B08W1YKCH5/ref=s...
2026-08-29 22:35:32 - INFO - [ThreadPoolExecutor-0_0] - [ThreadPoolExecutor-0_0] Scraping reviews...
2026-08-29 22:35:44 - INFO - [ThreadPoolExecutor-0_0] - [ThreadPoolExecutor-0_0] Found 13 reviews
2026-08-29 22:35:44 - INFO - [ThreadPoolExecutor-0_0] - [ThreadPoolExecutor-0_0] Scraped 13 reviews
2026-08-29 22:35:47 - INFO - [ThreadPoolExecutor-0_0] - [ThreadPoolExecutor-0_0] [13/30] enya...
2026-08-29 22:35:47 - INFO - [ThreadPoolExecutor-0_0] - [ThreadPoolExecutor-0_0] Scraping product details: https://www.amazon.com/NOVA-GO-35-Inch-Carbon-Acoustic/dp/B0FX9FVSXQ/ref=sr_1_13?dib=eyJ2IjoiMSJ9.pZ...
2026-08-29 22:35:54 - INFO - [ThreadPoolExecutor-0_0] - [ThreadPoolExecutor-0_0] Scraping reviews...
2026-08-29 22:36:05 - INFO - [ThreadPoolExecutor-0_0] - [ThreadPoolExecutor-0_0] Found 8 reviews
2026-08-29 22:36:05 - INFO - [ThreadPoolExecutor-0_0] - [ThreadPoolExecutor-0_0] Scraped 8 reviews
2026-08-29 22:36:08 - INFO - [ThreadPoolExecutor-0_0] - [ThreadPoolExecutor-0_0] [14/30] Yamaha...
2026-08-29 22:36:08 - INFO - [ThreadPoolExecutor-0_0] - [ThreadPoolExecutor-0_0] Scraping product details: https://www.amazon.com/Yamaha-Acoustic-Amplifier-Production-Software/dp/B009NNZOEW/ref=sr_1_14_mod_p...
2026-08-29 22:36:17 - INFO - [ThreadPoolExecutor-0_0] - [ThreadPoolExecutor-0_0] Scraping reviews...
2026-08-29 22:36:27 - INFO - [ThreadPoolExecutor-0_0] - [ThreadPoolExecutor-0_0] Found 13 reviews
2026-08-29 22:36:27 - INFO - [ThreadPoolExecutor-0_0] - [ThreadPoolExecutor-0_0] Scraped 13 reviews
2026-08-29 22:36:31 - INFO - [ThreadPoolExecutor-0_0] - [ThreadPoolExecutor-0_0] [15/30] Fender...
2026-08-29 22:36:31 - INFO - [ThreadPoolExecutor-0_0] - [ThreadPoolExecutor-0_0] Scraping product details: https://www.amazon.com/Squier-by-Fender-Acoustic-Guitar/dp/B07FYQP9ML/ref=sr_1_15?dib=eyJ2IjoiMSJ9.p...
2026-08-29 22:36:39 - INFO - [ThreadPoolExecutor-0_0] - [ThreadPoolExecutor-0_0] Scraping reviews...
2026-08-29 22:36:49 - INFO - [ThreadPoolExecutor-0_0] - [ThreadPoolExecutor-0_0] Found 13 reviews
2026-08-29 22:36:49 - INFO - [ThreadPoolExecutor-0_0] - [ThreadPoolExecutor-0_0] Scraped 13 reviews
2026-08-29 22:36:52 - INFO - [ThreadPoolExecutor-0_0] - [ThreadPoolExecutor-0_0] [16/30] Traveler Guitar...
2026-08-29 22:36:52 - INFO - [ThreadPoolExecutor-0_0] - [ThreadPoolExecutor-0_0] Scraping product details: https://www.amazon.com/Traveler-Guitar-Mahogany-MK3-MHS/dp/B07JR7Y8YD/ref=sr_1_16?dib=eyJ2IjoiMSJ9.p...
2026-08-29 22:37:00 - INFO - [ThreadPoolExecutor-0_0] - [ThreadPoolExecutor-0_0] Scraping reviews...
2026-08-29 22:37:11 - INFO - [ThreadPoolExecutor-0_0] - [ThreadPoolExecutor-0_0] Found 13 reviews
2026-08-29 22:37:11 - INFO - [ThreadPoolExecutor-0_0] - [ThreadPoolExecutor-0_0] Scraped 13 reviews
2026-08-29 22:37:15 - INFO - [ThreadPoolExecutor-0_0] - [ThreadPoolExecutor-0_0] [17/30] Ibanez...
2026-08-29 22:37:15 - INFO - [ThreadPoolExecutor-0_0] - [ThreadPoolExecutor-0_0] Scraping product details: https://www.amazon.com/Ibanez-AEG70L-Left-Handed-Tiger-Burst/dp/B084BZH9PG/ref=sr_1_17?dib=eyJ2IjoiM...
2026-08-29 22:37:21 - INFO - [ThreadPoolExecutor-0_0] - [ThreadPoolExecutor-0_0] Scraping reviews...
2026-08-29 22:37:32 - INFO - [ThreadPoolExecutor-0_0] - [ThreadPoolExecutor-0_0] Found 11 reviews
2026-08-29 22:37:32 - INFO - [ThreadPoolExecutor-0_0] - [ThreadPoolExecutor-0_0] Scraped 11 reviews
2026-08-29 22:37:37 - INFO - [ThreadPoolExecutor-0_0] - [ThreadPoolExecutor-0_0] [18/30] Pyle...
2026-08-29 22:37:37 - INFO - [ThreadPoolExecutor-0_0] - [ThreadPoolExecutor-0_0] Scraping product details: https://www.amazon.com/Pyle-Beginner-Acoustic-Instrument-Beginners/dp/B0DJPYN19Z/ref=sr_1_18?dib=eyJ...
2026-08-29 22:37:46 - INFO - [ThreadPoolExecutor-0_0] - [ThreadPoolExecutor-0_0] Scraping reviews...
2026-08-29 22:37:58 - INFO - [ThreadPoolExecutor-0_0] - [ThreadPoolExecutor-0_0] Found 13 reviews
2026-08-29 22:37:58 - INFO - [ThreadPoolExecutor-0_0] - [ThreadPoolExecutor-0_0] Scraped 13 reviews
2026-08-29 22:38:02 - INFO - [ThreadPoolExecutor-0_0] - [ThreadPoolExecutor-0_0] [19/30] Traveler Guitar...
2026-08-29 22:38:02 - INFO - [ThreadPoolExecutor-0_0] - [ThreadPoolExecutor-0_0] Scraping product details: https://www.amazon.com/Traveler-Guitar-Acoustic-Electric-ULA-ABNS/dp/B07K7J4CMY/ref=sr_1_19?dib=eyJ2...
2026-08-29 22:38:10 - INFO - [ThreadPoolExecutor-0_0] - [ThreadPoolExecutor-0_0] Scraping reviews...
2026-08-29 22:38:21 - INFO - [ThreadPoolExecutor-0_0] - [ThreadPoolExecutor-0_0] Found 13 reviews
2026-08-29 22:38:21 - INFO - [ThreadPoolExecutor-0_0] - [ThreadPoolExecutor-0_0] Scraped 13 reviews
2026-08-29 22:38:24 - INFO - [ThreadPoolExecutor-0_0] - [ThreadPoolExecutor-0_0] [20/30] Ibanez...
2026-08-29 22:38:24 - INFO - [ThreadPoolExecutor-0_0] - [ThreadPoolExecutor-0_0] Scraping product details: https://www.amazon.com/Ibanez-AEG50LBKH/dp/B0849ZFBGS/ref=sr_1_20?dib=eyJ2IjoiMSJ9.pZ-Ieaf4WfwFgj6wh...
2026-08-29 22:38:33 - INFO - [ThreadPoolExecutor-0_0] - [ThreadPoolExecutor-0_0] Scraping reviews...
2026-08-29 22:38:44 - INFO - [ThreadPoolExecutor-0_0] - [ThreadPoolExecutor-0_0] Found 13 reviews
2026-08-29 22:38:44 - INFO - [ThreadPoolExecutor-0_0] - [ThreadPoolExecutor-0_0] Scraped 13 reviews
2026-08-29 22:38:48 - INFO - [ThreadPoolExecutor-0_0] - [ThreadPoolExecutor-0_0] [21/30] CAHAYA...
2026-08-29 22:38:48 - INFO - [ThreadPoolExecutor-0_0] - [ThreadPoolExecutor-0_0] Scraping product details: https://www.amazon.com/CAHAYA-Acoustic-Waterproof-Adjustable-Shoulder/dp/B079FRVSPH/ref=sr_1_21?dib=...
2026-08-29 22:38:59 - INFO - [ThreadPoolExecutor-0_0] - [ThreadPoolExecutor-0_0] Scraping reviews...
2026-08-29 22:39:08 - INFO - [ThreadPoolExecutor-0_0] - [ThreadPoolExecutor-0_0] Found 13 reviews
2026-08-29 22:39:08 - INFO - [ThreadPoolExecutor-0_0] - [ThreadPoolExecutor-0_0] Scraped 13 reviews
2026-08-29 22:39:12 - INFO - [ThreadPoolExecutor-0_0] - [ThreadPoolExecutor-0_0] [22/30] 38 inch Black Acoustic Guitar Beginner K...
2026-08-29 22:39:12 - INFO - [ThreadPoolExecutor-0_0] - [ThreadPoolExecutor-0_0] Scraping product details: https://www.amazon.com/Acoustic-Beginner-Acustica-Guitarra-Beginners/dp/B0H28ZM4NL/ref=sr_1_22?dib=e...
2026-08-29 22:39:20 - INFO - [ThreadPoolExecutor-0_0] - [ThreadPoolExecutor-0_0] Scraping reviews...
2026-08-29 22:39:28 - INFO - [ThreadPoolExecutor-0_0] - [ThreadPoolExecutor-0_0] Found 6 reviews
2026-08-29 22:39:28 - INFO - [ThreadPoolExecutor-0_0] - [ThreadPoolExecutor-0_0] Scraped 6 reviews
2026-08-29 22:39:30 - INFO - [ThreadPoolExecutor-0_0] - [ThreadPoolExecutor-0_0] [23/30] 38'' Wood Acoustic Guitar for Adults, 6 ...
2026-08-29 22:39:30 - INFO - [ThreadPoolExecutor-0_0] - [ThreadPoolExecutor-0_0] Scraping product details: https://www.amazon.com/Wood-Acoustic-Guitar-Steel-String-Beginner/dp/B0DZ26C4PN/ref=sr_1_23?dib=eyJ2...
2026-08-29 22:39:37 - INFO - [ThreadPoolExecutor-0_0] - [ThreadPoolExecutor-0_0] Scraping reviews...
2026-08-29 22:39:48 - INFO - [ThreadPoolExecutor-0_0] - [ThreadPoolExecutor-0_0] Found 8 reviews
2026-08-29 22:39:48 - INFO - [ThreadPoolExecutor-0_0] - [ThreadPoolExecutor-0_0] Scraped 8 reviews
2026-08-29 22:39:50 - INFO - [ThreadPoolExecutor-0_0] - [ThreadPoolExecutor-0_0] [24/30] Guitar Wall Mount 2 Pack, Black Walnut W...
2026-08-29 22:39:50 - INFO - [ThreadPoolExecutor-0_0] - [ThreadPoolExecutor-0_0] Scraping product details: https://www.amazon.com/Guitar-U-Shaped-Acoustic-Electric-Mandolin/dp/B09WVZMKWG/ref=sr_1_24?dib=eyJ2...
2026-08-29 22:40:01 - INFO - [ThreadPoolExecutor-0_0] - [ThreadPoolExecutor-0_0] Scraping reviews...
2026-08-29 22:40:13 - INFO - [ThreadPoolExecutor-0_0] - [ThreadPoolExecutor-0_0] Found 13 reviews
2026-08-29 22:40:13 - INFO - [ThreadPoolExecutor-0_0] - [ThreadPoolExecutor-0_0] Scraped 13 reviews
2026-08-29 22:40:17 - INFO - [ThreadPoolExecutor-0_0] - [ThreadPoolExecutor-0_0] [25/30] Pyle...
2026-08-29 22:40:17 - INFO - [ThreadPoolExecutor-0_0] - [ThreadPoolExecutor-0_0] Scraping product details: https://www.amazon.com/Pyle-Beginner-Acoustic-Classical-Cleaning/dp/B0H4HQ9XFN/ref=sr_1_25?dib=eyJ2I...
2026-08-29 22:40:25 - INFO - [ThreadPoolExecutor-0_0] - [ThreadPoolExecutor-0_0] Scraping reviews...
2026-08-29 22:40:37 - INFO - [ThreadPoolExecutor-0_0] - [ThreadPoolExecutor-0_0] Found 13 reviews
2026-08-29 22:40:37 - INFO - [ThreadPoolExecutor-0_0] - [ThreadPoolExecutor-0_0] Scraped 13 reviews
2026-08-29 22:40:42 - INFO - [ThreadPoolExecutor-0_0] - [ThreadPoolExecutor-0_0] [26/30] Zager...
2026-08-29 22:40:42 - INFO - [ThreadPoolExecutor-0_0] - [ThreadPoolExecutor-0_0] Scraping product details: https://www.amazon.com/Zager-Pillow-Coated-Guitar-Strings/dp/B0D2PNMDJZ/ref=sr_1_26?dib=eyJ2IjoiMSJ9...
2026-08-29 22:40:48 - INFO - [ThreadPoolExecutor-0_0] - [ThreadPoolExecutor-0_0] Scraping reviews...
2026-08-29 22:40:57 - INFO - [ThreadPoolExecutor-0_0] - [ThreadPoolExecutor-0_0] Found 9 reviews
2026-08-29 22:40:57 - INFO - [ThreadPoolExecutor-0_0] - [ThreadPoolExecutor-0_0] Scraped 9 reviews
2026-08-29 22:41:01 - INFO - [ThreadPoolExecutor-0_0] - [ThreadPoolExecutor-0_0] [27/30] Yamaha...
2026-08-29 22:41:01 - INFO - [ThreadPoolExecutor-0_0] - [ThreadPoolExecutor-0_0] Scraping product details: https://www.amazon.com/Yamaha-Amplifier-THR30II-WL-WH/dp/B09XVLKGFT/ref=sr_1_27?dib=eyJ2IjoiMSJ9.pZ-...
2026-08-29 22:41:07 - INFO - [ThreadPoolExecutor-0_0] - [ThreadPoolExecutor-0_0] Scraping reviews...
2026-08-29 22:41:17 - INFO - [ThreadPoolExecutor-0_0] - [ThreadPoolExecutor-0_0] Found 13 reviews
2026-08-29 22:41:17 - INFO - [ThreadPoolExecutor-0_0] - [ThreadPoolExecutor-0_0] Scraped 13 reviews
2026-08-29 22:41:21 - INFO - [ThreadPoolExecutor-0_0] - [ThreadPoolExecutor-0_0] [28/30] Pyle...
2026-08-29 22:41:21 - INFO - [ThreadPoolExecutor-0_0] - [ThreadPoolExecutor-0_0] Scraping product details: https://www.amazon.com/Pyle-34-Inch-Beginner-Classical-Acoustic/dp/B0H4HT65QL/ref=sr_1_28?dib=eyJ2Ij...
2026-08-29 22:41:27 - INFO - [ThreadPoolExecutor-0_0] - [ThreadPoolExecutor-0_0] Scraping reviews...
2026-08-29 22:42:18 - WARNING - [ThreadPoolExecutor-0_0] - [ThreadPoolExecutor-0_0] No reviews found
2026-08-29 22:42:21 - INFO - [ThreadPoolExecutor-0_0] - [ThreadPoolExecutor-0_0] [29/30] Vangoa...
2026-08-29 22:42:21 - INFO - [ThreadPoolExecutor-0_0] - [ThreadPoolExecutor-0_0] Scraping product details: https://www.amazon.com/Classical-Guitarra-Footstool-Beginners-Vangoa/dp/B0B7NGBTKH/ref=sr_1_29?dib=e...
2026-08-29 22:42:32 - INFO - [ThreadPoolExecutor-0_0] - [ThreadPoolExecutor-0_0] Scraping reviews...
2026-08-29 22:42:44 - INFO - [ThreadPoolExecutor-0_0] - [ThreadPoolExecutor-0_0] Found 13 reviews
2026-08-29 22:42:44 - INFO - [ThreadPoolExecutor-0_0] - [ThreadPoolExecutor-0_0] Scraped 13 reviews
2026-08-29 22:42:46 - INFO - [ThreadPoolExecutor-0_0] - [ThreadPoolExecutor-0_0] [30/30] Pyle...
2026-08-29 22:42:46 - INFO - [ThreadPoolExecutor-0_0] - [ThreadPoolExecutor-0_0] Scraping product details: https://www.amazon.com/Pyle-Beginner-Acoustic-Instrument-Natural/dp/B0CW6KY2ZK/ref=sr_1_30?dib=eyJ2I...
2026-08-29 22:42:57 - INFO - [ThreadPoolExecutor-0_0] - [ThreadPoolExecutor-0_0] Scraping reviews...
2026-08-29 22:43:05 - INFO - [ThreadPoolExecutor-0_0] - [ThreadPoolExecutor-0_0] Found 9 reviews
2026-08-29 22:43:05 - INFO - [ThreadPoolExecutor-0_0] - [ThreadPoolExecutor-0_0] Scraped 9 reviews
2026-08-29 22:43:05 - INFO - [ThreadPoolExecutor-0_0] - [ThreadPoolExecutor-0_0] Completed 'yamaha accoustic guitar': 30 products, 320 reviews
2026-08-29 22:43:05 - INFO - [ThreadPoolExecutor-0_0] - ✓ yamaha accoustic guitar: 30 products, 320 reviews
2026-08-29 22:43:06 - INFO - [ThreadPoolExecutor-0_0] - [ThreadPoolExecutor-0_0] WebDriver closed
2026-08-29 22:43:06 - INFO - [MainThread] - All drivers closed
